[INFO] Error stacktraces are turned on.
[INFO] Scanning for projects...
[INFO] 
[INFO] ----------------------< com.smartcampus:backend >-----------------------
[INFO] Building backend 0.0.1-SNAPSHOT
[INFO]   from pom.xml
[INFO] --------------------------------[ jar ]---------------------------------
[INFO] 
[INFO] --- clean:3.5.0:clean (default-clean) @ backend ---
[INFO] Deleting D:\PAF_New\smart-campus\backend\target
[INFO] 
[INFO] --- resources:3.3.1:resources (default-resources) @ backend ---
[INFO] Copying 1 resource from src\main\resources to target\classes
[INFO] Copying 2 resources from src\main\resources to target\classes
[INFO] 
[INFO] --- compiler:3.14.1:compile (default-compile) @ backend ---
[INFO] Recompiling the module because of changed source code.
[INFO] Compiling 47 source files with javac [debug parameters release 21] to target\classes
[INFO] 
[INFO] --- resources:3.3.1:testResources (default-testResources) @ backend ---
[INFO] skip non existing resourceDirectory D:\PAF_New\smart-campus\backend\src\test\resources
[INFO] 
[INFO] --- compiler:3.14.1:testCompile (default-testCompile) @ backend ---
[INFO] Recompiling the module because of changed dependency.
[INFO] Compiling 1 source file with javac [debug parameters release 21] to target\test-classes
[INFO] 
[INFO] --- surefire:3.5.5:test (default-test) @ backend ---
[INFO] Surefire report directory: D:\PAF_New\smart-campus\backend\target\surefire-reports
[INFO] Using auto detected provider org.apache.maven.surefire.junitplatform.JUnitPlatformProvider
[INFO] 
[INFO] -------------------------------------------------------
[INFO]  T E S T S
[INFO] -------------------------------------------------------
[INFO] Running com.smartcampus.backend.BackendApplicationTests
12:22:53.092 [main] INFO org.springframework.test.context.support.AnnotationConfigContextLoaderUtils -- Could not detect default configuration classes for test class [com.smartcampus.backend.BackendApplicationTests]: BackendApplicationTests does not declare any static, non-private, non-final, nested classes annotated with @Configuration.
12:22:53.236 [main] INFO org.springframework.boot.test.context.SpringBootTestContextBootstrapper -- Found @SpringBootConfiguration com.smartcampus.backend.BackendApplication for test class com.smartcampus.backend.BackendApplicationTests
12:22:53.327 [main] INFO org.springframework.test.context.support.AnnotationConfigContextLoaderUtils -- Could not detect default configuration classes for test class [com.smartcampus.backend.BackendApplicationTests]: BackendApplicationTests does not declare any static, non-private, non-final, nested classes annotated with @Configuration.
12:22:53.327 [main] INFO org.springframework.boot.test.context.SpringBootTestContextBootstrapper -- Found @SpringBootConfiguration com.smartcampus.backend.BackendApplication for test class com.smartcampus.backend.BackendApplicationTests

  .   ____          _            __ _ _
 /\\ / ___'_ __ _ _(_)_ __  __ _ \ \ \ \
( ( )\___ | '_ | '_| | '_ \/ _` | \ \ \ \
 \\/  ___)| |_)| | | | | || (_| |  ) ) ) )
  '  |____| .__|_| |_|_| |_\__, | / / / /
 =========|_|==============|___/=/_/_/_/

 :: Spring Boot ::                (v4.0.4)

2026-04-23T12:22:53.751+05:30  INFO 5768 --- [backend] [           main] c.s.backend.BackendApplicationTests      : Starting BackendApplicationTests using Java 21.0.3 with PID 5768 (started by CHAMA COMPUTERS in D:\PAF_New\smart-campus\backend)
2026-04-23T12:22:53.751+05:30  INFO 5768 --- [backend] [           main] c.s.backend.BackendApplicationTests      : No active profile set, falling back to 1 default profile: "default"
2026-04-23T12:22:54.681+05:30  INFO 5768 --- [backend] [           main] .s.d.r.c.RepositoryConfigurationDelegate : Bootstrapping Spring Data JPA repositories in DEFAULT mode.
2026-04-23T12:22:54.728+05:30  INFO 5768 --- [backend] [           main] .s.d.r.c.RepositoryConfigurationDelegate : Finished Spring Data repository scanning in 48 ms. Found 7 JPA repository interfaces.
2026-04-23T12:22:55.298+05:30  INFO 5768 --- [backend] [           main] org.hibernate.orm.jpa                    : HHH008540: Processing PersistenceUnitInfo [name: default]
2026-04-23T12:22:55.428+05:30  INFO 5768 --- [backend] [           main] org.hibernate.orm.core                   : HHH000001: Hibernate ORM core version 7.2.7.Final
2026-04-23T12:22:56.024+05:30  INFO 5768 --- [backend] [           main] o.s.o.j.p.SpringPersistenceUnitInfo      : No LoadTimeWeaver setup: ignoring JPA class transformer
2026-04-23T12:22:56.058+05:30  INFO 5768 --- [backend] [           main] com.zaxxer.hikari.HikariDataSource       : HikariPool-1 - Starting...
2026-04-23T12:22:56.547+05:30  INFO 5768 --- [backend] [           main] com.zaxxer.hikari.pool.HikariPool        : HikariPool-1 - Added connection com.mysql.cj.jdbc.ConnectionImpl@3faa55
2026-04-23T12:22:56.547+05:30  INFO 5768 --- [backend] [           main] com.zaxxer.hikari.HikariDataSource       : HikariPool-1 - Start completed.
2026-04-23T12:22:56.622+05:30  WARN 5768 --- [backend] [           main] org.hibernate.orm.deprecation            : HHH90000025: MySQLDialect does not need to be specified explicitly using 'hibernate.dialect' (remove the property setting and it will be selected by default)
2026-04-23T12:22:56.639+05:30  INFO 5768 --- [backend] [           main] org.hibernate.orm.connections.pooling    : HHH10001005: Database info:
	Database JDBC URL [jdbc:mysql://localhost:3306/smart_campus_db]
	Database driver: MySQL Connector/J
	Database dialect: MySQLDialect
	Database version: 8.0.39
	Default catalog/schema: smart_campus_db/undefined
	Autocommit mode: undefined/unknown
	Isolation level: REPEATABLE_READ [default REPEATABLE_READ]
	JDBC fetch size: none
	Pool: DataSourceConnectionProvider
	Minimum pool size: undefined/unknown
	Maximum pool size: undefined/unknown
2026-04-23T12:22:57.936+05:30  INFO 5768 --- [backend] [           main] org.hibernate.orm.core                   : HHH000489: No JTA platform available (set 'hibernate.transaction.jta.platform' to enable JTA platform integration)
2026-04-23T12:22:58.061+05:30  INFO 5768 --- [backend] [           main] j.LocalContainerEntityManagerFactoryBean : Initialized JPA EntityManagerFactory for persistence unit 'default'
2026-04-23T12:22:58.127+05:30  INFO 5768 --- [backend] [           main] o.s.d.j.r.query.QueryEnhancerFactories   : Hibernate is in classpath; If applicable, HQL parser will be used.
2026-04-23T12:22:58.345+05:30  INFO 5768 --- [backend] [           main] r$InitializeUserDetailsManagerConfigurer : Global AuthenticationManager configured with UserDetailsService bean with name appUserDetailsService
2026-04-23T12:22:59.167+05:30  WARN 5768 --- [backend] [           main] JpaBaseConfiguration$JpaWebConfiguration : spring.jpa.open-in-view is enabled by default. Therefore, database queries may be performed during view rendering. Explicitly configure spring.jpa.open-in-view to disable this warning
2026-04-23T12:22:59.931+05:30  INFO 5768 --- [backend] [           main] c.s.backend.BackendApplicationTests      : Started BackendApplicationTests in 6.493 seconds (process running for 7.738)
mvn : Mockito is currently self-attaching to enable the inline-mock-maker. 
This will no longer work in future releases of the JDK. Please add Mockito as 
an agent to your build as described in Mockito's documentation: https://javadoc
.io/doc/org.mockito/mockito-core/latest/org.mockito/org/mockito/Mockito.html#0.
3
At line:1 char:1
+ mvn clean install -e > build_error.log 2>&1
+ ~~~~~~~~~~~~~~~~~~~~~~~~~~~~~~~~~~~~~~~~~~~
    + CategoryInfo          : NotSpecified: (Mockito is curr...ockito.html#0.3 
   :String) [], RemoteException
    + FullyQualifiedErrorId : NativeCommandError
 
WARNING: A Java agent has been loaded dynamically (C:\Users\CHAMA COMPUTERS\.m2
\repository\net\bytebuddy\byte-buddy-agent\1.17.8\byte-buddy-agent-1.17.8.jar)
WARNING: If a serviceability tool is in use, please run with 
-XX:+EnableDynamicAgentLoading to hide this warning
WARNING: If a serviceability tool is not in use, please run with 
-Djdk.instrument.traceUsage for more information
WARNING: Dynamic loading of agents will be disallowed by default in a future 
release
OpenJDK 64-Bit Server VM warning: Sharing is only supported for boot loader 
classes because bootstrap classpath has been appended
[INFO] Tests run: 1, Failures: 0, Errors: 0, Skipped: 0, Time elapsed: 7.499 s -- in com.smartcampus.backend.BackendApplicationTests
[INFO] 
[INFO] Results:
[INFO] 
[INFO] Tests run: 1, Failures: 0, Errors: 0, Skipped: 0
[INFO] 
[INFO] 
[INFO] --- jar:3.4.2:jar (default-jar) @ backend ---
[INFO] Building jar: D:\PAF_New\smart-campus\backend\target\backend-0.0.1-SNAPSHOT.jar
[INFO] 
[INFO] --- spring-boot:4.0.4:repackage (repackage) @ backend ---
[INFO] Replacing main artifact D:\PAF_New\smart-campus\backend\target\backend-0.0.1-SNAPSHOT.jar with repackaged archive, adding nested dependencies in BOOT-INF/.
[INFO] The original artifact has been renamed to D:\PAF_New\smart-campus\backend\target\backend-0.0.1-SNAPSHOT.jar.original
[INFO] 
[INFO] --- install:3.1.4:install (default-install) @ backend ---
[INFO] Installing D:\PAF_New\smart-campus\backend\pom.xml to C:\Users\CHAMA COMPUTERS\.m2\repository\com\smartcampus\backend\0.0.1-SNAPSHOT\backend-0.0.1-SNAPSHOT.pom
[INFO] Installing D:\PAF_New\smart-campus\backend\target\backend-0.0.1-SNAPSHOT.jar to C:\Users\CHAMA COMPUTERS\.m2\repository\com\smartcampus\backend\0.0.1-SNAPSHOT\backend-0.0.1-SNAPSHOT.jar
[INFO] ------------------------------------------------------------------------
[INFO] BUILD SUCCESS
[INFO] ------------------------------------------------------------------------
[INFO] Total time:  17.024 s
[INFO] Finished at: 2026-04-23T12:23:02+05:30
[INFO] ------------------------------------------------------------------------
